2024-10-15 15:52:06 UTC Initiating the Progress Report for Deploy operation.
2024-10-15 15:52:06 UTC Starting deployment of myDeployment
2024-10-15 15:52:06 UTC Processing deployment set myDeploymentSet
2024-10-15 15:52:06 UTC Processing deployment to target server IS_Bancoppel
2024-10-15 15:52:06 UTC Initiating Deploy operation on package SRV_Bancoppel (target server : IS_Bancoppel)
2024-10-15 15:52:06 UTC Done with the Deploy operation on package SRV_Bancoppel (target server : IS_Bancoppel)
2024-10-15 15:52:06 UTC Initiating Deploy operation on package BusinessDocument (target server : IS_Bancoppel)
2024-10-15 15:52:06 UTC Done with the Deploy operation on package BusinessDocument (target server : IS_Bancoppel)
2024-10-15 15:52:06 UTC Initiating Deploy operation on package RulesDocument (target server : IS_Bancoppel)
2024-10-15 15:52:06 UTC Done with the Deploy operation on package RulesDocument (target server : IS_Bancoppel)
2024-10-15 15:52:07 UTC Initiating resume triggers operation (target server : IS_Bancoppel)
2024-10-15 15:52:07 UTC Done with the resume triggers operation (target server : IS_Bancoppel)
2024-10-15 15:52:07 UTC Initiating resume adapter notifications operation (target server : IS_Bancoppel)
2024-10-15 15:52:07 UTC Done with the resume adapter notifications operation (target server : IS_Bancoppel)
2024-10-15 15:52:07 UTC Initiating Deploy operation on node ACLs (target server : IS_Bancoppel)
2024-10-15 15:52:10 UTC Done with the Deploy operation on node ACLs (target server : IS_Bancoppel)
2024-10-15 15:52:10 UTC Completed processing deployment to target server IS_Bancoppel
2024-10-15 15:52:10 UTC Completed processing deployment set myDeploymentSet
2024-10-15 15:52:10 UTC Completed deployment of myDeployment
2024-10-15 15:52:10 UTC Completed generating Progress Report for the Deploy operation.
